// Jest Snapshot v1, https://goo.gl/fbAQLP

exports[`App's core rendering tests Renders correctly :) 1`] = `
<div
  className="App"
>
  <header
    className="App-header"
  >
    <img
      alt="logo"
      className="App-logo"
      src="logo.svg"
    />
    WeCliques say's, "Hello World"
  </header>
</div>
`;
